---
source: toolchain/sea_parse/src/resolver.rs
expression: "case!\n{\n    struct Thing\n    {\n        fn first() { Thing } struct HidesDuplicate\n        { struct Thing {} fn second() { Thing } } fn third() { Thing }\n    }\n}"
---
│ ╭─0 Struct(0) "struct"
│ ├─1 StructIdent(SynDef(0)) "Thing"
│ ├─2 StructBody "{"
│ │ ╭─3 Fn "fn"
│ │ ├─4 FnIdent(SynDef(1)) "first"
│ │ │ ╭─5 FnParams "("
│ │ ├─6 FnParamsEnd(SubtreeSize(1)) ")"
│ │ ├─7 FnBody "{"
│ │ ├─8 ExprIdent(Local { def: 1 }) "Thing"
│ ├─9 FnBodyEnd(SubtreeSize(5)) "}"
│ │ ╭─10 Struct(1) "struct"
│ │ ├─11 StructIdent(SynDef(2)) "HidesDuplicate"
│ │ ├─12 StructBody "{"
│ │ │ ╭─13 Struct(2) "struct"
│ │ │ ├─14 StructIdent(SynDef(3)) "Thing"
│ │ │ ├─15 StructBody "{"
│ │ ├─16 StructBodyEnd(SubtreeSize(3)) "}"
│ │ │ ╭─17 Fn "fn"
│ │ │ ├─18 FnIdent(SynDef(4)) "second"
│ │ │ │ ╭─19 FnParams "("
│ │ │ ├─20 FnParamsEnd(SubtreeSize(1)) ")"
│ │ │ ├─21 FnBody "{"
│ │ │ ├─22 ExprIdent(Local { def: 1 }) "Thing"
│ │ ├─23 FnBodyEnd(SubtreeSize(5)) "}"
│ ├─24 StructBodyEnd(SubtreeSize(5)) "}"
│ │ ╭─25 Fn "fn"
│ │ ├─26 FnIdent(SynDef(5)) "third"
│ │ │ ╭─27 FnParams "("
│ │ ├─28 FnParamsEnd(SubtreeSize(1)) ")"
│ │ ├─29 FnBody "{"
│ │ ├─30 ExprIdent(Local { def: 1 }) "Thing"
│ ├─31 FnBodyEnd(SubtreeSize(5)) "}"
├─32 StructBodyEnd(SubtreeSize(6)) "}"
Errors: [Error { shadowed: Local { def: 1 }, conflicting_def: 14 }]
