---
source: toolchain/sea_parse/src/resolver.rs
expression: "case! { fn foo(T: type, n: T) {} }"
---
│ ╭─0 Fn "fn"
│ ├─1 FnIdent(SynDef(0)) "foo"
│ │ ╭─2 FnParams "("
│ │ ├─3 ExprIdent(NonLocal(Some(Type))) "type"
│ │ ├─4 FnParamsParam(SynDef(1)) "T"
│ │ ├─5 ExprIdent(Local { def: 4 }) "T"
│ │ ├─6 FnParamsParam(SynDef(2)) "n"
│ ├─7 FnParamsEnd(SubtreeSize(5)) ")"
│ ├─8 FnBody "{"
├─9 FnBodyEnd(SubtreeSize(4)) "}"
