---
source: toolchain/ouro_resolve/ouro_resolve_test.rs
expression: "case! { let Thing = struct { fn new(a: 1) { Thing } }; }"
---
├─0 Let "let"
├─1 LetIdent "Thing"
├─2 LetEq "="
│ ╭─3 Struct "struct"
│ ├─4 StructBodyBegin "{"
│ │ ╭─5 Fn "fn"
│ │ ├─6 FnIdent "new"
│ │ │ ╭─7 FnParams "("
│ │ │ ├─8 FnParamsIdent "a"
│ │ │ ├─9 ExprInt "1"
│ │ ├─10 FnParamsEnd(SubtreeSize(3)) ")"
│ │ ├─11 FnBodyBegin "{"
│ │ ├─12 ExprIdent(SynRef(0)) "Thing" -> Some(Local { def: 1, scope_id: 0 })
│ ├─13 FnBodyEnd(SubtreeSize(5)) "}"
├─14 StructBodyEnd(SubtreeSize(3)) "}"
├─15 LetSemi ";"
