---
source: toolchain/ouro_resolve/ouro_resolve_test.rs
expression: "case!\n{\n    fn foo(a: i32, b: i32) { let c = add(a * a, b); c } fn add(a: i32, b: i32)\n    { a + b + c }\n}"
---
│ ╭─0 Fn "fn"
│ ├─1 FnIdent "foo"
│ │ ╭─2 FnParams "("
│ │ ├─3 FnParamsIdent "a"
│ │ ├─4 ExprIdent(SynRef(0)) "i32" -> Some(Builtin(I32))
│ │ ├─5 FnParamsIdent "b"
│ │ ├─6 ExprIdent(SynRef(1)) "i32" -> Some(Builtin(I32))
│ ├─7 FnParamsEnd ")"
│ ├─8 FnBodyBegin "{"
│ ├─9 Let "let"
│ ├─10 LetIdent "c"
│ ├─11 LetEq "="
│ ├─12 ExprIdent(SynRef(2)) "add" -> Some(Local { def: 24, scope_id: 0 })
│ │ ╭─13 ExprCall "("
│ │ ├─14 ExprIdent(SynRef(3)) "a" -> Some(Local { def: 3, scope_id: 1 })
│ │ ├─15 ExprIdent(SynRef(4)) "a" -> Some(Local { def: 3, scope_id: 1 })
│ │ ├─16 ExprMul "*"
│ │ ├─17 ExprCallComma ","
│ │ ├─18 ExprIdent(SynRef(5)) "b" -> Some(Local { def: 5, scope_id: 1 })
│ ├─19 ExprCallEnd ")"
│ ├─20 LetSemi ";"
│ ├─21 ExprIdent(SynRef(6)) "c" -> Some(Local { def: 10, scope_id: 1 })
├─22 FnBodyEnd "}"
│ ╭─23 Fn "fn"
│ ├─24 FnIdent "add"
│ │ ╭─25 FnParams "("
│ │ ├─26 FnParamsIdent "a"
│ │ ├─27 ExprIdent(SynRef(7)) "i32" -> Some(Builtin(I32))
│ │ ├─28 FnParamsIdent "b"
│ │ ├─29 ExprIdent(SynRef(8)) "i32" -> Some(Builtin(I32))
│ ├─30 FnParamsEnd ")"
│ ├─31 FnBodyBegin "{"
│ ├─32 ExprIdent(SynRef(9)) "a" -> Some(Local { def: 26, scope_id: 2 })
│ ├─33 ExprIdent(SynRef(10)) "b" -> Some(Local { def: 28, scope_id: 2 })
│ ├─34 ExprAdd "+"
│ ├─35 ExprIdent(SynRef(11)) "c" -> None
│ ├─36 ExprAdd "+"
├─37 FnBodyEnd "}"
