---
source: toolchain/ouro_resolve/ouro_resolve_test.rs
expression: "case!\n{\n    fn foo(a: i32, b: i32) { let c = add(a * a, b); c } fn add(a: i32, b: i32)\n    { a + b + c }\n}"
---
│ ╭─0 Fn "fn"
│ ├─1 FnIdent(SynDef(0)) "foo"
│ │ ╭─2 FnParams "("
│ │ ├─3 FnParamsIdent(SynDef(1)) "a"
│ │ ├─4 ExprIdent(SynRef(0)) "i32" -> Some(Builtin(I32))
│ │ ├─5 FnParamsIdent(SynDef(2)) "b"
│ │ ├─6 ExprIdent(SynRef(1)) "i32" -> Some(Builtin(I32))
│ ├─7 FnParamsEnd(SubtreeSize(5)) ")"
│ ├─8 FnBodyBegin "{"
│ ├─9 Let "let"
│ ├─10 ExprIdent(SynRef(2)) "add" -> Some(Local { node: 24, scope_id: 0 })
│ │ ╭─11 ExprCall "("
│ │ ├─12 ExprIdent(SynRef(3)) "a" -> Some(Local { node: 3, scope_id: 1 })
│ │ ├─13 ExprIdent(SynRef(4)) "a" -> Some(Local { node: 3, scope_id: 1 })
│ │ ├─14 ExprMul "*"
│ │ ├─15 ExprCallComma ","
│ │ ├─16 ExprIdent(SynRef(5)) "b" -> Some(Local { node: 5, scope_id: 1 })
│ ├─17 ExprCallEnd(SubtreeSize(6)) ")"
│ ├─18 LetEq "="
│ ├─19 LetIdent(SynDef(3)) "c"
│ ├─20 LetSemi ";"
│ ├─21 ExprIdent(SynRef(6)) "c" -> Some(Local { node: 19, scope_id: 1 })
├─22 FnBodyEnd(SubtreeSize(11)) "}"
│ ╭─23 Fn "fn"
│ ├─24 FnIdent(SynDef(4)) "add"
│ │ ╭─25 FnParams "("
│ │ ├─26 FnParamsIdent(SynDef(5)) "a"
│ │ ├─27 ExprIdent(SynRef(7)) "i32" -> Some(Builtin(I32))
│ │ ├─28 FnParamsIdent(SynDef(6)) "b"
│ │ ├─29 ExprIdent(SynRef(8)) "i32" -> Some(Builtin(I32))
│ ├─30 FnParamsEnd(SubtreeSize(5)) ")"
│ ├─31 FnBodyBegin "{"
│ ├─32 ExprIdent(SynRef(9)) "a" -> Some(Local { node: 26, scope_id: 2 })
│ ├─33 ExprIdent(SynRef(10)) "b" -> Some(Local { node: 28, scope_id: 2 })
│ ├─34 ExprAdd "+"
│ ├─35 ExprIdent(SynRef(11)) "c" -> None
│ ├─36 ExprAdd "+"
├─37 FnBodyEnd(SubtreeSize(9)) "}"
