---
source: toolchain/ouro_resolve/ouro_resolve_test.rs
expression: "case!\n{\n    const Thing = struct\n    { const Self = @This(); fn new(self: Self) { self + i32 } }; fn\n    VecImpl(T: type) { struct { t: T, y: foo(), } } fn Vec(T: type)\n    { VecImpl(T) } fn foo() {} fn print_ints(ints: Vec(i32)) {} fn\n    print(s: string) { struct { fn fmt(io: Io) {} }.fmt } pub fn main(io: Io)\n    { print(\"hello\")(io) }\n}"
---
0 FileBegin
1 Const "const"
2 ConstIdent "Thing"
3 ConstEq "="
4 Struct "struct"
5 StructBodyBegin "{"
6 Const "const"
7 ConstIdent "Self"
8 ConstEq "="
9 BuiltinAmpersand "@"
10 BuiltinIdent "This"
11 Expr(Call) "("
12 Expr(CallEnd) ")"
13 EndOfExpr ";"
14 Fn "fn"
15 FnIdent "new"
16 FnParams "("
17 FnParamsIdent "self"
18 Expr(Ident) "Self" -> RefImpl { node: 7, next: MaxOr(Ref(4294967295)) }
19 EndOfExpr ")"
20 FnParamsEnd ")"
21 FnBodyBegin "{"
22 Expr(Ident) "self" -> RefImpl { node: 17, next: MaxOr(Ref(4294967295)) }
23 Expr(I32Keyword) "i32"
24 Expr(Add) "+"
25 EndOfExpr "}"
26 FnBodyEnd "}"
27 StructBodyEnd "}"
28 EndOfExpr ";"
29 Fn "fn"
30 FnIdent "VecImpl"
31 FnParams "("
32 FnParamsIdent "T"
33 Expr(TypeKeyword) "type"
34 EndOfExpr ")"
35 FnParamsEnd ")"
36 FnBodyBegin "{"
37 Struct "struct"
38 StructBodyBegin "{"
39 StructFieldIdent "t"
40 Expr(Ident) "T" -> RefImpl { node: 32, next: MaxOr(Ref(4294967295)) }
41 EndOfExpr ","
42 StructFieldComma ","
43 StructFieldIdent "y"
44 Expr(Ident) "foo" -> RefImpl { node: 68, next: MaxOr(Ref(4294967295)) }
45 Expr(Call) "("
46 Expr(CallEnd) ")"
47 EndOfExpr ","
48 StructFieldComma ","
49 StructBodyEnd "}"
50 EndOfExpr "}"
51 FnBodyEnd "}"
52 Fn "fn"
53 FnIdent "Vec"
54 FnParams "("
55 FnParamsIdent "T"
56 Expr(TypeKeyword) "type"
57 EndOfExpr ")"
58 FnParamsEnd ")"
59 FnBodyBegin "{"
60 Expr(Ident) "VecImpl" -> RefImpl { node: 30, next: MaxOr(Ref(4294967295)) }
61 Expr(Call) "("
62 Expr(Ident) "T" -> RefImpl { node: 55, next: MaxOr(Ref(4294967295)) }
63 EndOfExpr ")"
64 Expr(CallEnd) ")"
65 EndOfExpr "}"
66 FnBodyEnd "}"
67 Fn "fn"
68 FnIdent "foo"
69 FnParams "("
70 FnParamsEnd ")"
71 FnBodyBegin "{"
72 FnBodyEnd "}"
73 Fn "fn"
74 FnIdent "print_ints"
75 FnParams "("
76 FnParamsIdent "ints"
77 Expr(Ident) "Vec" -> RefImpl { node: 53, next: MaxOr(Ref(4294967295)) }
78 Expr(Call) "("
79 Expr(I32Keyword) "i32"
80 EndOfExpr ")"
81 Expr(CallEnd) ")"
82 EndOfExpr ")"
83 FnParamsEnd ")"
84 FnBodyBegin "{"
85 FnBodyEnd "}"
86 Fn "fn"
87 FnIdent "print"
88 FnParams "("
89 FnParamsIdent "s"
90 Expr(Ident) "string" -> RefImpl { node: 88, next: MaxOr(Ref(4294967295)) }
91 EndOfExpr ")"
92 FnParamsEnd ")"
93 FnBodyBegin "{"
94 Struct "struct"
95 StructBodyBegin "{"
96 Fn "fn"
97 FnIdent "fmt"
98 FnParams "("
99 FnParamsIdent "io"
100 Expr(Ident) "Io" -> RefImpl { node: 98, next: MaxOr(Ref(4294967295)) }
101 EndOfExpr ")"
102 FnParamsEnd ")"
103 FnBodyBegin "{"
104 FnBodyEnd "}"
105 StructBodyEnd "}"
106 Expr(Dot) "."
107 Expr(Field) "fmt"
108 EndOfExpr "}"
109 FnBodyEnd "}"
110 Pub "pub"
111 Fn "fn"
112 FnIdent "main"
113 FnParams "("
114 FnParamsIdent "io"
115 Expr(Ident) "Io" -> RefImpl { node: 113, next: MaxOr(Ref(8)) }
116 EndOfExpr ")"
117 FnParamsEnd ")"
118 FnBodyBegin "{"
119 Expr(Ident) "print" -> RefImpl { node: 87, next: MaxOr(Ref(4294967295)) }
120 Expr(Call) "("
121 Expr(Str) "\"hello\""
122 EndOfExpr ")"
123 Expr(CallEnd) ")"
124 Expr(Call) "("
125 Expr(Ident) "io" -> RefImpl { node: 114, next: MaxOr(Ref(4294967295)) }
126 EndOfExpr ")"
127 Expr(CallEnd) ")"
128 EndOfExpr "}"
129 FnBodyEnd "}"
130 FileEnd
