---
source: toolchain/ouro_resolve/ouro_resolve_test.rs
expression: "case! { fn Vec(T: type) { struct { t: T, } } fn main() {} }"
---
│ ╭─0 Fn "fn"
│ ├─1 FnIdent "Vec"
│ │ ╭─2 FnParams "("
│ │ ├─3 FnParamsIdent "T"
│ │ ├─4 Expr(Ident(SynRef(0))) "type" -> Some(Builtin(Type))
│ ├─5 FnParamsEnd ")"
│ ├─6 FnBodyBegin "{"
│ │ ╭─7 Struct "struct"
│ │ ├─8 StructBodyBegin "{"
│ │ │ ╭─9 StructFieldIdent "t"
│ │ │ ├─10 Expr(Ident(SynRef(1))) "T" -> Some(Local { def: 3, scope_id: 1 })
│ │ ├─11 StructFieldComma ","
│ ├─12 StructBodyEnd "}"
├─13 FnBodyEnd "}"
│ ╭─14 Fn "fn"
│ ├─15 FnIdent "main"
│ │ ╭─16 FnParams "("
│ ├─17 FnParamsEnd ")"
│ ├─18 FnBodyBegin "{"
├─19 FnBodyEnd "}"
