---
source: toolchain/ouro_resolve/ouro_resolve_test.rs
expression: "case! { fn Vec(T: type) { struct { t: T, } } fn main() {} }"
---
├─0 Fn "fn"
├─1 FnIdent(SynDef(0)) "Vec"
│ │ ╭─2 FnParams "("
│ │ ├─3 FnParamsIdent(SynDef(1)) "T"
│ │ ├─4 ExprIdent(SynRef(0)) "type" -> Some(Builtin(Type))
│ ╭─5 FnParamsEnd(SubtreeSize(3)) ")"
│ ├─6 FnBodyBegin "{"
│ ├─7 Struct(0) "struct"
│ ├─8 StructBodyBegin "{"
│ │ ╭─9 StructFieldIdent "t"
│ │ ├─10 ExprIdent(SynRef(1)) "T" -> Some(Local { node: 3, scope_id: 1 })
│ │ ├─11 StructFieldComma(SubtreeSize(2)) ","
│ ├─12 StructBodyEnd(SubtreeSize(3)) "}"
├─13 FnBodyEnd(SubtreeSize(5)) "}"
│ ╭─14 Fn "fn"
│ ├─15 FnIdent(SynDef(2)) "main"
│ │ ╭─16 FnParams "("
│ ├─17 FnParamsEnd(SubtreeSize(1)) ")"
│ ├─18 FnBodyBegin "{"
├─19 FnBodyEnd(SubtreeSize(4)) "}"
