---
source: toolchain/ouro_resolve/ouro_resolve_test.rs
expression: "case! { const Thing = struct { fn new(a: 1) { Thing } }; }"
---
├─0 Const "const"
├─1 ConstIdent "Thing"
├─2 ConstEq "="
│ ╭─3 Struct "struct"
│ ├─4 StructBodyBegin "{"
│ │ ╭─5 Fn "fn"
│ │ ├─6 FnIdent "new"
│ │ │ ╭─7 FnParams "("
│ │ │ ├─8 FnParamsIdent "a"
│ │ │ ├─9 ExprInt "1"
│ │ ├─10 FnParamsEnd ")"
│ │ ├─11 FnBodyBegin "{"
│ │ ├─12 ExprIdent(SynRef(0)) "Thing" -> Some(Local { def: 1, scope_id: 0 })
│ ├─13 FnBodyEnd "}"
├─14 StructBodyEnd "}"
├─15 ConstSemi ";"
