---
source: toolchain/ouro_resolve/ouro_resolve_test.rs
expression: "case! { fn Vec(T: type) { struct { t: T, } } fn main() {} }"
---
0 FileBegin
1 Fn "fn"
2 FnIdent "Vec"
3 FnParams "("
4 FnParamsIdent "T"
5 Expr(TypeKeyword) "type"
6 EndOfExpr ")"
7 FnParamsEnd ")"
8 FnBodyBegin "{"
9 Struct "struct"
10 StructBodyBegin "{"
11 StructFieldIdent "t"
12 Expr(Ident) "T" -> RefImpl { node: 4, next: MaxOr(Ref(4294967295)) }
13 EndOfExpr ","
14 StructFieldComma ","
15 StructBodyEnd "}"
16 EndOfExpr "}"
17 FnBodyEnd "}"
18 Fn "fn"
19 FnIdent "main"
20 FnParams "("
21 FnParamsEnd ")"
22 FnBodyBegin "{"
23 FnBodyEnd "}"
24 FileEnd
