---
source: toolchain/ouro_resolve/ouro_resolve_test.rs
expression: "case! { fn foo(T: type, n: T) {} }"
---
│ ╭─0 Fn "fn"
│ ├─1 FnIdent "foo"
│ │ ╭─2 FnParams "("
│ │ ├─3 FnParamsIdent "T"
│ │ ├─4 Expr(TypeKeyword) "type"
│ │ ├─5 FnParamsComma ","
│ │ ├─6 FnParamsIdent "n"
│ │ ├─7 Expr(Ident) "T" -> Def(3)
│ ├─8 FnParamsEnd ")"
│ ├─9 FnBodyBegin "{"
├─10 FnBodyEnd "}"
