---
source: toolchain/ouro_parse/ouro_parse_test.rs
expression: "case!\n{\n    fn a() { 1 + 2 * 3 } const Foo = struct\n    { const Bar = struct { fn foobar() { let a = 4; 0b11_11 } }; }; const Baz\n    = struct {};\n}"
---
│ ╭─Fn "fn" 0..2
│ ├─FnIdent "a" 3..4
│ │ ╭─FnParams "(" 4..5
│ ├─FnParamsEnd(SubtreeSize(1)) ")" 5..6
│ ├─FnBodyBegin "{" 7..8
│ ├─ExprInt "1" 9..10
│ ├─ExprInt "2" 13..14
│ ├─ExprInt "3" 17..18
│ ├─ExprMul "*" 15..16
│ ├─ExprAdd "+" 11..12
├─FnBodyEnd(SubtreeSize(9)) "}" 19..20
├─Const "const" 21..26
│ ╭─Struct "struct" 33..39
│ ├─StructBodyBegin "{" 40..41
│ ├─Const "const" 42..47
│ │ ╭─Struct "struct" 54..60
│ │ ├─StructBodyBegin "{" 61..62
│ │ │ ╭─Fn "fn" 63..65
│ │ │ ├─FnIdent "foobar" 66..72
│ │ │ │ ╭─FnParams "(" 72..73
│ │ │ ├─FnParamsEnd(SubtreeSize(1)) ")" 73..74
│ │ │ ├─FnBodyBegin "{" 75..76
│ │ │ ├─Let "let" 77..80
│ │ │ ├─LetIdent "a" 81..82
│ │ │ ├─LetEq "=" 83..84
│ │ │ ├─ExprInt "4" 85..86
│ │ │ ├─LetSemi ";" 86..87
│ │ │ ├─ExprInt "0b11_11" 88..95
│ │ ├─FnBodyEnd(SubtreeSize(10)) "}" 96..97
│ ├─StructBodyEnd(SubtreeSize(3)) "}" 98..99
│ ├─ConstEq "=" 52..53
│ ├─ConstIdent "Bar" 48..51
│ ├─ConstSemi ";" 99..100
├─StructBodyEnd(SubtreeSize(7)) "}" 101..102
├─ConstEq "=" 31..32
├─ConstIdent "Foo" 27..30
├─ConstSemi ";" 102..103
├─Const "const" 104..109
│ ╭─Struct "struct" 116..122
│ ├─StructBodyBegin "{" 123..124
├─StructBodyEnd(SubtreeSize(2)) "}" 124..125
├─ConstEq "=" 114..115
├─ConstIdent "Baz" 110..113
├─ConstSemi ";" 125..126
